INFO:     Started server process [42372]
INFO:     Waiting for application startup.
INFO:     Application startup complete.
INFO:     Uvicorn running on http://127.0.0.1:8001 (Press CTRL+C to quit)
Traceback (most recent call last):
  File "/home/gamp/Projects/ajochain/venv/lib/python3.12/site-packages/httpx/_transports/default.py", line 101, in map_httpcore_exceptions
    yield
  File "/home/gamp/Projects/ajochain/venv/lib/python3.12/site-packages/httpx/_transports/default.py", line 250, in handle_request
    resp = self._pool.handle_request(req)
           ^^^^^^^^^^^^^^^^^^^^^^^^^^^^^^
  File "/home/gamp/Projects/ajochain/venv/lib/python3.12/site-packages/httpcore/_sync/connection_pool.py", line 256, in handle_request
    raise exc from None
  File "/home/gamp/Projects/ajochain/venv/lib/python3.12/site-packages/httpcore/_sync/connection_pool.py", line 236, in handle_request
    response = connection.handle_request(
               ^^^^^^^^^^^^^^^^^^^^^^^^^^
  File "/home/gamp/Projects/ajochain/venv/lib/python3.12/site-packages/httpcore/_sync/connection.py", line 101, in handle_request
    raise exc
  File "/home/gamp/Projects/ajochain/venv/lib/python3.12/site-packages/httpcore/_sync/connection.py", line 78, in handle_request
    stream = self._connect(request)
             ^^^^^^^^^^^^^^^^^^^^^^
  File "/home/gamp/Projects/ajochain/venv/lib/python3.12/site-packages/httpcore/_sync/connection.py", line 124, in _connect
    stream = self._network_backend.connect_tcp(**kwargs)
             ^^^^^^^^^^^^^^^^^^^^^^^^^^^^^^^^^^^^^^^^^^^
  File "/home/gamp/Projects/ajochain/venv/lib/python3.12/site-packages/httpcore/_backends/sync.py", line 207, in connect_tcp
    with map_exceptions(exc_map):
  File "/usr/lib/python3.12/contextlib.py", line 158, in __exit__
    self.gen.throw(value)
  File "/home/gamp/Projects/ajochain/venv/lib/python3.12/site-packages/httpcore/_exceptions.py", line 14, in map_exceptions
    raise to_exc(exc) from exc
httpcore.ConnectTimeout: timed out

The above exception was the direct cause of the following exception:

Traceback (most recent call last):
  File "/home/gamp/Projects/ajochain/routers/auth.py", line 100, in register_user
    user_res = bmoni.create_user(user_in.name, user_in.email, user_in.phone)
               ^^^^^^^^^^^^^^^^^^^^^^^^^^^^^^^^^^^^^^^^^^^^^^^^^^^^^^^^^^^^^
  File "/home/gamp/Projects/ajochain/bmoni.py", line 25, in create_user
    response = client.post(url, json=payload, headers=get_headers())
               ^^^^^^^^^^^^^^^^^^^^^^^^^^^^^^^^^^^^^^^^^^^^^^^^^^^^^
  File "/home/gamp/Projects/ajochain/venv/lib/python3.12/site-packages/httpx/_client.py", line 1144, in post
    return self.request(
           ^^^^^^^^^^^^^
  File "/home/gamp/Projects/ajochain/venv/lib/python3.12/site-packages/httpx/_client.py", line 825, in request
    return self.send(request, auth=auth, follow_redirects=follow_redirects)
           ^^^^^^^^^^^^^^^^^^^^^^^^^^^^^^^^^^^^^^^^^^^^^^^^^^^^^^^^^^^^^^^^
  File "/home/gamp/Projects/ajochain/venv/lib/python3.12/site-packages/httpx/_client.py", line 914, in send
    response = self._send_handling_auth(
               ^^^^^^^^^^^^^^^^^^^^^^^^^
  File "/home/gamp/Projects/ajochain/venv/lib/python3.12/site-packages/httpx/_client.py", line 942, in _send_handling_auth
    response = self._send_handling_redirects(
               ^^^^^^^^^^^^^^^^^^^^^^^^^^^^^^
  File "/home/gamp/Projects/ajochain/venv/lib/python3.12/site-packages/httpx/_client.py", line 979, in _send_handling_redirects
    response = self._send_single_request(request)
               ^^^^^^^^^^^^^^^^^^^^^^^^^^^^^^^^^^
  File "/home/gamp/Projects/ajochain/venv/lib/python3.12/site-packages/httpx/_client.py", line 1014, in _send_single_request
    response = transport.handle_request(request)
               ^^^^^^^^^^^^^^^^^^^^^^^^^^^^^^^^^
  File "/home/gamp/Projects/ajochain/venv/lib/python3.12/site-packages/httpx/_transports/default.py", line 249, in handle_request
    with map_httpcore_exceptions():
  File "/usr/lib/python3.12/contextlib.py", line 158, in __exit__
    self.gen.throw(value)
  File "/home/gamp/Projects/ajochain/venv/lib/python3.12/site-packages/httpx/_transports/default.py", line 118, in map_httpcore_exceptions
    raise mapped_exc(message) from exc
httpx.ConnectTimeout: timed out
BMONI API Error on Register: timed out
INFO:     127.0.0.1:50180 - "POST /api/auth/login HTTP/1.1" 200 OK
Traceback (most recent call last):
  File "/home/gamp/Projects/ajochain/routers/circles.py", line 56, in create_circle
    user_res = bmoni.create_user(f"Circle {circle.name}", pool_email, "+2340000000000")
               ^^^^^^^^^^^^^^^^^^^^^^^^^^^^^^^^^^^^^^^^^^^^^^^^^^^^^^^^^^^^^^^^^^^^^^^^
  File "/home/gamp/Projects/ajochain/bmoni.py", line 26, in create_user
    response.raise_for_status()
  File "/home/gamp/Projects/ajochain/venv/lib/python3.12/site-packages/httpx/_models.py", line 829, in raise_for_status
    raise HTTPStatusError(message, request=request, response=self)
httpx.HTTPStatusError: Client error '409 Conflict' for url 'https://embedded-dev.bmoni.com/v1/users'
For more information check: https://developer.mozilla.org/en-US/docs/Web/HTTP/Status/409
Error provisioning pool wallet: Client error '409 Conflict' for url 'https://embedded-dev.bmoni.com/v1/users'
For more information check: https://developer.mozilla.org/en-US/docs/Web/HTTP/Status/409
INFO:     127.0.0.1:50190 - "POST /api/circles HTTP/1.1" 200 OK
